git@github.com:Jblew/inspector-widget.git
git@github.com:Jblew/inspector-widget-osowiec.git
git@github.com:Jblew/septemecclesiae.git
git@github.com:Jblew/osowiec-git-backup.git
git@github.com:Jblew/inspector-widget-aws-cost.git
git@github.com:Jblew/gcp-function-write-to-firestore.git
git@github.com:Jblew/flickity-fullscreen.git
git@github.com:Jblew/firebase-3factor-framework.git
git@github.com:Jblew/iot2firebase.git
git@github.com:Jblew/go-firebase-auth-in-gcp-functions.git
git@github.com:Jblew/git-diary.git
git@github.com:Jblew/serial2mqtt.git
git@github.com:Jblew/modern-scholastic.git
git@github.com:Jblew/behavioural.git
git@github.com:Jblew/hi.pine-ml-labeller.git
git@github.com:Jblew/hi.pine.git
git@github.com:Jblew/BME280_driver.git
git@github.com:Jblew/chirurgia.git
git@github.com:Jblew/hi.pine-firebase-datalayer.git
git@github.com:Jblew/hi.pine-businesslogic.git
git@github.com:Jblew/hi.pine-iot.git
git@github.com:Jblew/octalysis-certificate.git
git@github.com:Jblew/companyco.git
git@github.com:Jblew/hi.pine-stpeter.git
git@github.com:Jblew/hi.pine-stpeter-sensorboard.git
git@github.com:Jblew/hi.pine-stpeter-rpigateway.git
git@github.com:Jblew/finanse.git
git@github.com:Jblew/looking-for-jobs.git
git@github.com:Jblew/hi.pine-stpeter-iot.git
git@github.com:Jblew/havedonewilldo.git
git@github.com:Jblew/firestore-roles-vue-auth.git
git@github.com:Jblew/amerykahospital-personalizedadvice-db.git
git@github.com:Jblew/amerykahospital-personalizedadvice-website.git
git@github.com:Jblew/amerykahospital-personalizedadvice-functions.git
git@github.com:Jblew/firebase-functions-rate-limiter.git
git@github.com:Jblew/lingua-latina.git
git@github.com:Jblew/songtech.git
git@github.com:Jblew/pitchup-models.git
git@github.com:Jblew/hi.pine-firmware.git
git@github.com:Jblew/slub-ania-jurek.git
git@github.com:Jblew/scholastics.git
git@github.com:Jblew/personcentred-papers.git
git@github.com:Jblew/wzornictwobox.git
git@github.com:Jblew/siejmy-press.git
git@github.com:Jblew/jekyll-seo-tag.git
git@github.com:Jblew/wum.git
git@github.com:Jblew/person-centred-solutions.git
git@github.com:Jblew/amerykahospital-personalizedadvice.git
git@github.com:Jblew/mece-motivation-workshops.git
git@github.com:Jblew/illuminations.git
git@github.com:Jblew/hfd-materials.git
git@github.com:Jblew/cele.git
git@github.com:Jblew/amerykahospital-personalizedadvice-medicalprofessional-app.git
git@github.com:Jblew/amerykahospital-personalized-advice-client-android.git
git@github.com:Jblew/amerykahospital-personalizedadvice-businesslogic.git
git@github.com:Jblew/gosandbox.git
git@github.com:Jblew/zsh-config.git
git@github.com:Jblew/hi.pine-cloud.git
git@github.com:Jblew/ha-vault.git
git@github.com:Jblew/lewandowski-software-architecture-aid.git
git@github.com:Jblew/typescript-dependency-lint.git
git@github.com:Jblew/covid-admission-procedure.git
git@github.com:Jblew/zimna-2-design.git
git@github.com:Jblew/diabetologia.git
git@github.com:Jblew/cypress-log-to-output.git
git@github.com:Jblew/7e-vault.git
git@github.com:doctor-lewandowski/ephemeris.git
git@github.com:Jblew/jblew-tslint-config.git
git@github.com:Jblew/iot-watering.git
git@github.com:Jblew/setup-gcp-uptime-monitors.git
git@github.com:Jblew/jblew.pl.git
git@github.com:Jblew/typescript-chained-error.git
git@github.com:Jblew/hi.pine-monitoring.git
git@github.com:Jblew/hi.pine-firestore.git
git@github.com:Jblew/hi.pine-roles-webapp.git
git@github.com:Jblew/hi.pine-samples.git
git@github.com:Jblew/dziennik.git
git@github.com:Jblew/pericites-and-angiopoietins.git
git@github.com:Jblew/ohmyzsh.git
git@github.com:Jblew/ship-the-interns.git
git@github.com:Jblew/fountain-the-cathedral.git
git@github.com:Jblew/amdg-initiative.git
git@github.com:Jblew/amerykahospital-personalizedadvice-private-docs.git
git@github.com:Jblew/hi.pine-airflow-sensor.git
git@github.com:Jblew/waran-travel.git
git@github.com:Jblew/typescript.git
git@github.com:Jblew/hi.pine-settings.git
git@github.com:Jblew/amerykahospital-personalizedadvice-settings.git
git@github.com:Jblew/rotate-dashboards.git
git@github.com:Jblew/vue-stateful-resource.git
git@github.com:Jblew/things-away.git
git@github.com:Jblew/statusboard.git
git@github.com:Jblew/projects-status-private.git
git@github.com:Jblew/personcentred.git
git@github.com:Jblew/projects-status.git
git@github.com:Jblew/castlegabriel-st-francisco.git
git@github.com:Jblew/narracja.git
git@github.com:Jblew/jblew-servers.git
git@github.com:Jblew/apollo-tooling.git
git@github.com:Jblew/cloud-monet-bot.git
git@github.com:Jblew/vue-robohash.git
git@github.com:Jblew/solideo-disco.git
git@github.com:Jblew/stowarzyszenie-robocze.git
git@github.com:Jblew/nerdcave-screen-rotator.git
git@github.com:Jblew/ow.git
git@github.com:Jblew/infomeet-wroclaw-19.10.2019.git
git@github.com:Jblew/nuxt.js.git
git@github.com:Jblew/dart-playground.git
git@github.com:Jblew/vue-cli.git
git@github.com:Jblew/xstate.git
git@github.com:Jblew/Dexie.js.git
git@github.com:Jblew/firestore-roles-manager-ui.git
git@github.com:Jblew/firestore-roles.git
git@github.com:Jblew/firestore-roles-vuex-module.git
git@github.com:Jblew/vue-global-xstate.git
git@github.com:Jblew/vue-localized-status.git
git@github.com:Jblew/localized-error.git
git@github.com:Jblew/firestore-roles-redux-module.git
git@github.com:Jblew/iot-timeseries-label-serverless.git
git@github.com:Jblew/amerykahospital-personalizedadvice-medicalprofessional-macos.git
git@github.com:Jblew/machinelearninglearning.git
git@github.com:Jblew/qlc-light-spot-follow.git
git@github.com:Jblew/iot-timeseries-label-react-ui.git
git@github.com:Jblew/vuex-notifications-module.git
git@github.com:Jblew/iot-timeseries-label-core.git
git@github.com:Jblew/medical-history-taking-app.git
git@github.com:Jblew/steem-smartvotes-playground.git
git@github.com:Jblew/spring-boot-demo.git
git@github.com:Jblew/amerykahospital-personalizedadvice-core.git
git@github.com:Jblew/mlsb-movement-recorder.git
git@github.com:Jblew/iot-timeseries-label-website.git
git@github.com:Jblew/mlsb-ml-spinebrace.git
git@github.com:Jblew/doing-time-tracker.git
git@github.com:Jblew/amerykahospital-personalizedadvice-vue-commons.git
git@github.com:Jblew/medmanual-ultimate.git
git@github.com:Jblew/alternativ-mud.git
git@github.com:Jblew/kinga-sz.git
git@github.com:Jblew/marinesmud-framework.git
git@github.com:Jblew/MedManual2.git
git@github.com:Jblew/cpr-station.git
git@github.com:Jblew/marinesmud-dj2.git
git@github.com:Jblew/marinesmud-dj.git
git@github.com:Jblew/marinesmud-3d-bot.git
git@github.com:Jblew/devdash.git
git@github.com:Jblew/iot-timeseries-label.git
git@github.com:Jblew/amerykahospital-personalizedadvice-medicalprofessional-windows.git
git@github.com:Jblew/clean-stack.git
git@github.com:Jblew/amerykahospital-personalized-allergology-advice-app.git
git@github.com:Jblew/oldtown-equipment.git
git@github.com:Jblew/marinesmud-3d.git
git@github.com:Jblew/steem-wise-plans.git
git@github.com:Jblew/marines-larp.git
git@github.com:Jblew/steem-content-renderer.git
git@github.com:Jblew/waran-travel-biebrza2019.git
git@github.com:Jblew/the-crow.git
git@github.com:Jblew/inholo.git
git@github.com:Jblew/sportowa31.git
git@github.com:Jblew/zimna2m31.git
git@github.com:Jblew/git-personal-finance.git
git@github.com:Jblew/todo.git
git@github.com:Jblew/steem-votes-analyzer.git
git@github.com:Jblew/pending-plans.git
git@github.com:Jblew/python-playground.git
git@github.com:Jblew/sbds.git
git@github.com:Jblew/git-time-tracker.git
git@github.com:Jblew/steem-article-drafts.git
git@github.com:Jblew/solideo-www-spring.git
git@github.com:Jblew/marines-mud.git
git@github.com:Jblew/Scala-API-Wrapper.git
git@github.com:Jblew/PhpWebServer.git
git@github.com:wise-team/utils.git
git@github.com:wise-team/hiveprojects.io.git
git@github.com:wise-team/steemprojects.com.git
git@github.com:wise-team/python-social-auth-steemconnect-examples.git
git@github.com:wise-team/steem-wise-test.git
git@github.com:wise-team/universe-log.git
git@github.com:wise-team/steem-wise-cli.git
git@github.com:wise-team/node-docker-watchdog.git
git@github.com:wise-team/wise-hub.git
git@github.com:wise-team/steem-wise-sql.git
git@github.com:wise-team/steem-efficient-stream.git
git@github.com:wise-team/steemfounders.git
git@github.com:wise-team/wise-vault.git
git@github.com:wise-team/steem-wise-core.git
git@github.com:wise-team/steem-wise-voter-page.git
git@github.com:wise-team/engrave.git
git@github.com:wise-team/steem-content-renderer.git
git@github.com:wise-team/wise-team.io.git
git@github.com:wise-team/engrave-shared.git
git@github.com:wise-team/ansible-playbooks.git
git@github.com:wise-team/steemconnect.git
git@github.com:wise-team/steem-wise-manual.git
git@github.com:wise-team/python-social-auth-steemconnect.git
git@github.com:wise-team/types-for-steem-js.git
git@github.com:wise-team/wise-tslint-configuration.git
git@github.com:wise-team/dockerized-mocha-slack-service-monitoring.git
git@github.com:wise-team/engrave-blockchain-tracker.git
git@github.com:wise-team/wise-ci.git
git@github.com:wise-team/wise-proxy.git
git@github.com:wise-team/stdio-mock.git
git@github.com:wise-team/wise-caddy.git
git@github.com:wise-team/media-kit.git
git@github.com:wise-team/steem-enhancer.git
git@github.com:wise-team/steem-wise-stats.git
git@github.com:wise-team/steem-diff.git
git@github.com:anielaolsztynek/anielaolsztynek.pl-2020.git
git@github.com:anielaolsztynek/anielaolsztynek.pl-monitoring.git
git@github.com:anielaolsztynek/anielaolsztynek-galeria.git
git@github.com:anielaolsztynek/anielaolsztynek-kronika.git
git@github.com:anielaolsztynek/anielaolsztynek.pl-migration.git
git@github.com:anielaolsztynek/anielaolsztynek.pl.git
git@github.com:academic-catholic-association-soli-deo/solideo.pl-v5.git
git@github.com:person-centred-solutions/branding.git
git@github.com:person-centred-solutions/personcentred.care.git
git@github.com:person-centred-solutions/person-centred-scholastic.git
git@github.com:person-centred-solutions/personcentred.care-functions.git
git@github.com:person-centred-solutions/pcs-vision.git
git@github.com:person-centred-solutions/hi.pine-plan.git
git@github.com:person-centred-solutions/person-centred-solutions.com.git
git@github.com:person-centred-solutions/sanctificetur-nonem-tuum.org.git
git@github.com:person-centred-solutions/hi.pine-docs-old.git
git@github.com:person-centred-solutions/lovedrivendesign.org.git
git@github.com:Jblew/AkcjaV2.git
git@github.com:Jblew/AndroidPlayground.git
git@github.com:Jblew/Ania.git
git@github.com:Jblew/Ankh.git
git@github.com:Jblew/AppOne.git
git@github.com:Jblew/EclipseImagePlugin.git
git@github.com:Jblew/Kosma.jblew.pl.git
git@github.com:Jblew/Magda.git
git@github.com:Jblew/OgienOrleGniazdo.git
git@github.com:Jblew/SolideoWWW5DirStructureConverter.git
git@github.com:Jblew/SpskolsztynekPhotoScaleAndUpload.git
git@github.com:Jblew/MyjkaDoWinyli.git
git@github.com:Jblew/PlakatSciana.git
git@github.com:Jblew/pericites-and-angiopoietins-bis-old.git
git@github.com:Jblew/arduino-entropy.git
git@github.com:Jblew/assistant-igor.git
git@github.com:Jblew/bash.org.pl-client.git
git@github.com:Jblew/biobeat.git
git@github.com:Jblew/blazemud-design.git
git@github.com:Jblew/carewicz.git
git@github.com:Jblew/carewna.git
git@github.com:Jblew/cb.jblew.pl-codeanddesign.git
git@github.com:Jblew/chatka-czarownicy.git
git@github.com:Jblew/czujnik-pojemnosciowy.git
git@github.com:Jblew/db-backup.git
git@github.com:Jblew/debian-hands-wallpapers.git
git@github.com:Jblew/dedukcja.git
git@github.com:Jblew/dermgame.git
git@github.com:Jblew/django-playground.git
git@github.com:Jblew/egida-design.git
git@github.com:Jblew/el-gru-grafika.git
git@github.com:Jblew/family-emblems.git
git@github.com:Jblew/fiszki.git
git@github.com:Jblew/fiszki-med.git
git@github.com:Jblew/git-repo-global-status.git
git@github.com:Jblew/gryzliny.edu.pl-cake.git
git@github.com:Jblew/guitar-controller.git
git@github.com:Jblew/hacking-is-fun.git
git@github.com:Jblew/kalkulatory.git
git@github.com:Jblew/keytar.git
git@github.com:Jblew/killer-mud-design.git
git@github.com:Jblew/killer-renovatio.git
git@github.com:Jblew/koszulki-design.git
git@github.com:Jblew/lautomator.git
git@github.com:Jblew/leparkour-design.git
git@github.com:Jblew/life-field.git
git@github.com:Jblew/marines-procarya-design.git
git@github.com:Jblew/marines-project.git
git@github.com:Jblew/marines-workshop.git
git@github.com:Jblew/marinesmud-design.git
git@github.com:Jblew/marinesmud-doctor.git
git@github.com:Jblew/marinesmud-kelvin.git
git@github.com:Jblew/marinesmud-stcecilia.git
git@github.com:Jblew/marinesmud-website.git
git@github.com:Jblew/matura-2013.git
git@github.com:Jblew/matura-2014.git
git@github.com:Jblew/mebos.git
git@github.com:Jblew/MedManual3.git
git@github.com:Jblew/medmanual-eclipse-plugin.git
git@github.com:Jblew/medmanual-module.git
git@github.com:Jblew/metronome.git
git@github.com:Jblew/moje-wedrowanie-design.git
git@github.com:Jblew/nfc-shopping-list.git
git@github.com:Jblew/nieregularnik-gimnazjumspsk-design.git
git@github.com:Jblew/niewydane-plyty.git
git@github.com:Jblew/nocte-irae.git
git@github.com:Jblew/nomnoml.git
git@github.com:Jblew/ogrzewanie-system.git
git@github.com:Jblew/os.git
git@github.com:Jblew/oswiadczyny.git
git@github.com:Jblew/perfect-docker-environment-for-java.git
git@github.com:Jblew/personal-finance.git
git@github.com:Jblew/php-mud.git
git@github.com:Jblew/pod-wieprzem.git
git@github.com:Jblew/portfolio-graficzne.git
git@github.com:Jblew/powiatowy-konkurs-recytatorski-2014.git
git@github.com:Jblew/psychoterapia.sos.pl-design.git
git@github.com:Jblew/qrpassword.git
git@github.com:Jblew/resonance-frequency-graph-rigol.git
git@github.com:Jblew/romanlewandowski.pl.git
git@github.com:Jblew/rpwdl-client.git
git@github.com:Jblew/scr-downloader.git
git@github.com:Jblew/security-tools.git
git@github.com:Jblew/society-analyzer.git
git@github.com:Jblew/flutter-demos.git
git@github.com:Jblew/hi.pine-stjacinta.git
git@github.com:Jblew/firebase_ui.git
git@github.com:Jblew/python-for-science-course.git
git@github.com:Jblew/churchquest.git
git@github.com:Jblew/books.git
git@github.com:Jblew/cairparavel.git
git@github.com:Jblew/gamification-adherence-paper.git
git@github.com:Jblew/ioccontainer.git
git@github.com:siejmy/tablogrid-plugin.git
git@github.com:siejmy/issue-scrollpicker-plugin.git
git@github.com:siejmy/cfworker-issue-scrollpicker-js.git
git@github.com:siejmy/issue-scrollpicker.git
git@github.com:siejmy/siejmydesign.git
git@github.com:siejmy/siejmy.pl.git
git@github.com:siejmy/siejmybehavioural.git
git@github.com:siejmy/siejmy-wp-theme.git
git@github.com:siejmy/siejmyquiz.git
git@github.com:Jblew/iot-remote-pwm.git
git@github.com:Jblew/indistractable-notebook.git
git@github.com:Jblew/jedrzej-at-refairme.git
git@github.com:Jblew/pitchup-models.git
git@github.com:siejmy/siejmy-amp.git
git@github.com:siejmy/blocks.git
git@github.com:siejmy/theme.git
git@github.com:siejmy/cfworker-counter.git
git@github.com:siejmy/ghactions-healthchecks.git
git@github.com:Jblew/jblew-on-cupper-hugo-theme.git
git@github.com:Jblew/jblew-on-gohugo-amp.git
git@github.com:siejmy/quiz.git
git@github.com:siejmy/quiz-hosting.git
git@github.com:siejmy/quiz-abcd.git
git@github.com:Jblew/prezenty.git
git@github.com:Jblew/ordinationes-imponere.git
git@github.com:Doslownie/do.slownie.com.git
git@github.com:Doslownie/do.slownie.com-theme.git
git@github.com:Jblew/styl.git
git@github.com:Jblew/sci.git
git@github.com:Jblew/systematic-fury.git
git@github.com:Jblew/lek.git
git@github.com:Jblew/cv.jblew.pl.git
git@github.com:Jblew/jblew.pl-2020.git
git@github.com:Jblew/risks-gamification-adherence-paper.git
git@github.com:Jblew/markdown2paper.git
git@github.com:Jblew/gamification-adherence-paper.git
git@github.com:Jblew/jblew.pl-on-papermod.git
git@github.com:siejmy/siejmy-hfd.git
git@github.com:Jblew/living.git
git@github.com:siejmy/stworzona.pl.git
git@github.com:siejmy/stworzony.pl.git
git@github.com:siejmy/tablogrid-plugin-old.git
git@github.com:siejmy/issuepage-plugin.git
git@github.com:siejmy/siejmycommon-plugin.git
git@github.com:siejmy/siejmyamp.git
git@github.com:siejmy/stworzonyamp.git
git@github.com:siejmy/stworzonaamp.git
git@github.com:Jblew/octalysis-formal-evidence.git
git@github.com:Jblew/uniwersytet-latajacy.git
git@github.com:Jblew/sztuka-nowoczesna-sztuka-wspolczesna-wyklad.git
git@github.com:Deo-et-Orbi/deoetorbi.com.git
git@github.com:Deo-et-Orbi/deoetorbi-app.git
git@github.com:Deo-et-Orbi/deoetorbi-backend.git
git@github.com:Deo-et-Orbi/accept-membership-invitation-vue.git
git@github.com:Deo-et-Orbi/invite-to-membership-vue.git
git@github.com:Jblew/deoetorbi-lectures.git
git@github.com:Deo-et-Orbi/notification-pusher.git
git@github.com:Jblew/egzamin-choroby-wewnetrzne.git
git@github.com:anielaolsztynek/poswiecenie-parafii-25lecie-ksiazki.git
git@github.com:Jblew/staz.git
git@github.com:Jblew/egzamin-pediatria.git
git@github.com:Jblew/thrilling-statistics-playbook.git
git@github.com:Jblew/paragony.git
git@github.com:Jblew/1my-deploy.git
git@github.com:Jblew/1my.git
git@github.com:Jblew/1my-business.git
git@github.com:Jblew/pg-dump-scp-cron.git
git@github.com:Jblew/pg-task-broker.git
git@github.com:Jblew/1my-frontend-container.git
git@github.com:Jblew/holachart.git
git@github.com:Jblew/schemaver-check.git
git@github.com:Jblew/businessapi.git
git@github.com:Jblew/templated.git
git@github.com:Jblew/extensa-frontend.git
git@github.com:Jblew/extensa-chart.git
git@github.com:1myears/totus.git
